// Jest Snapshot v1, https://goo.gl/fbAQLP

exports[`Pruebas en GifGridItem Debe de mostrar el componente correctamente 1`] = `
<div
  className="card animate__animated animate__fadeIn"
>
  <img
    alt="Hola Mundo"
    src="https://localhost/algo.jpg"
  />
  <p>
     
    Hola Mundo
     
  </p>
</div>
`;
